
[1m[30m[46m RUN [49m[39m[22m [36mv4.1.5 [39m[90mD:/SourceCode/playground/JobHunter[39m

 [32mΓ£ô[39m src/components/CircularProgress.test.tsx[2m > [22mCircularProgress[2m > [22mshould render with default size and progress[32m 30[2mms[22m[39m
 [32mΓ£ô[39m src/components/CircularProgress.test.tsx[2m > [22mCircularProgress[2m > [22mshould display progress percentage in center[32m 3[2mms[22m[39m
 [32mΓ£ô[39m src/components/CircularProgress.test.tsx[2m > [22mCircularProgress[2m > [22mshould render at 0% progress[32m 3[2mms[22m[39m
 [32mΓ£ô[39m src/components/CircularProgress.test.tsx[2m > [22mCircularProgress[2m > [22mshould render at 100% progress[32m 3[2mms[22m[39m
 [32mΓ£ô[39m src/components/CircularProgress.test.tsx[2m > [22mCircularProgress[2m > [22mshould render SVG with correct size attribute[32m 4[2mms[22m[39m
 [32mΓ£ô[39m src/components/CircularProgress.test.tsx[2m > [22mCircularProgress[2m > [22mshould render two circles (background and progress)[32m 2[2mms[22m[39m
 [32mΓ£ô[39m src/components/CircularProgress.test.tsx[2m > [22mCircularProgress[2m > [22mshould apply custom className[32m 3[2mms[22m[39m
 [32mΓ£ô[39m src/components/CircularProgress.test.tsx[2m > [22mCircularProgress[2m > [22mshould render with custom size[32m 2[2mms[22m[39m
 [32mΓ£ô[39m src/components/CircularProgress.test.tsx[2m > [22mCircularProgress[2m > [22mshould render with custom stroke width[32m 2[2mms[22m[39m
 [32mΓ£ô[39m src/components/CircularProgress.test.tsx[2m > [22mCircularProgress[2m > [22mshould have transform rotate-90 class on SVG[32m 2[2mms[22m[39m
 [32mΓ£ô[39m src/components/CircularProgress.test.tsx[2m > [22mCircularProgress[2m > [22mshould render progress circle with animation classes[32m 1[2mms[22m[39m
 [32mΓ£ô[39m src/components/CircularProgress.test.tsx[2m > [22mCircularProgress[2m > [22mshould handle different progress values[32m 5[2mms[22m[39m
 [32mΓ£ô[39m src/components/StatCard.test.tsx[2m > [22mStatCard[2m > [22mshould render with title, value, and icon[32m 31[2mms[22m[39m
 [32mΓ£ô[39m src/components/StatCard.test.tsx[2m > [22mStatCard[2m > [22mshould render string values correctly[32m 3[2mms[22m[39m
 [32mΓ£ô[39m src/components/StatCard.test.tsx[2m > [22mStatCard[2m > [22mshould apply custom className[32m 3[2mms[22m[39m
 [32mΓ£ô[39m src/components/StatCard.test.tsx[2m > [22mStatCard[2m > [22mshould have glass-card styling[32m 3[2mms[22m[39m
 [32mΓ£ô[39m src/components/StatCard.test.tsx[2m > [22mStatCard[2m > [22mshould render zero values[32m 5[2mms[22m[39m
 [32mΓ£ô[39m src/components/StatCard.test.tsx[2m > [22mStatCard[2m > [22mshould render large numbers[32m 2[2mms[22m[39m
 [32mΓ£ô[39m src/hooks/api.test.tsx[2m > [22mAPI Hooks[2m > [22museApplications[2m > [22mshould fetch applications successfully[32m 93[2mms[22m[39m
 [31m├ù[39m src/pages/Dashboard.test.tsx[2m > [22mDashboard[2m > [22mshould show loading spinner initially[32m 33[2mms[22m[39m
[31m   ΓåÆ Unable to find an element with the role "status"

There are no available roles.

Ignored nodes: comments, script, style
[36m<body>[31m
  [36m<div>[31m
    [36m<div[31m
      [33mclass[31m=[32m"flex items-center justify-center h-64"[31m
    [36m>[31m
      [36m<div[31m
        [33mclass[31m=[32m"animate-spin rounded-full h-8 w-8 border-b-2 border-blue-600"[31m
      [36m/>[31m
    [36m</div>[31m
  [36m</div>[31m
[36m</body>[31m[39m
 [32mΓ£ô[39m src/pages/Dashboard.test.tsx[2m > [22mDashboard[2m > [22mshould show error message when fetch fails[32m 8[2mms[22m[39m
 [32mΓ£ô[39m src/pages/Dashboard.test.tsx[2m > [22mDashboard[2m > [22mshould show no data message when stats is null[32m 3[2mms[22m[39m
 [32mΓ£ô[39m src/pages/Dashboard.test.tsx[2m > [22mDashboard[2m > [22mshould render dashboard title[32m 7[2mms[22m[39m
 [32mΓ£ô[39m src/pages/Dashboard.test.tsx[2m > [22mDashboard[2m > [22mshould render stat cards with correct values[32m 10[2mms[22m[39m
 [32mΓ£ô[39m src/pages/Dashboard.test.tsx[2m > [22mDashboard[2m > [22mshould render 4 stat cards[32m 15[2mms[22m[39m
 [32mΓ£ô[39m src/components/QuickAddFAB.test.tsx[2m > [22mQuickAddFAB[2m > [22mshould render FAB button[32m 97[2mms[22m[39m
 [32mΓ£ô[39m src/components/QuickAddModal.test.tsx[2m > [22mQuickAddModal[2m > [22mshould not render when isOpen is false[32m 21[2mms[22m[39m
 [32mΓ£ô[39m src/components/QuickAddModal.test.tsx[2m > [22mQuickAddModal[2m > [22mshould render when isOpen is true[32m 16[2mms[22m[39m
 [32mΓ£ô[39m src/components/QuickAddModal.test.tsx[2m > [22mQuickAddModal[2m > [22mshould have all required form fields[32m 14[2mms[22m[39m
 [32mΓ£ô[39m src/hooks/api.test.tsx[2m > [22mAPI Hooks[2m > [22museApplications[2m > [22mshould handle fetch error[32m 77[2mms[22m[39m
 [32mΓ£ô[39m src/hooks/api.test.tsx[2m > [22mAPI Hooks[2m > [22museCreateApplication[2m > [22mshould create application successfully[32m 78[2mms[22m[39m
 [32mΓ£ô[39m src/components/QuickAddFAB.test.tsx[2m > [22mQuickAddFAB[2m > [22mshould have correct aria-label[32m 9[2mms[22m[39m
 [32mΓ£ô[39m src/components/QuickAddFAB.test.tsx[2m > [22mQuickAddFAB[2m > [22mshould have fixed positioning classes[32m 4[2mms[22m[39m
 [32mΓ£ô[39m src/components/QuickAddFAB.test.tsx[2m > [22mQuickAddFAB[2m > [22mshould have blue background styling[32m 2[2mms[22m[39m
 [32mΓ£ô[39m src/components/QuickAddFAB.test.tsx[2m > [22mQuickAddFAB[2m > [22mshould open modal when clicked[32m 66[2mms[22m[39m
 [32mΓ£ô[39m src/components/QuickAddFAB.test.tsx[2m > [22mQuickAddFAB[2m > [22mshould have rounded-full styling for circular shape[32m 2[2mms[22m[39m
 [32mΓ£ô[39m src/components/QuickAddFAB.test.tsx[2m > [22mQuickAddFAB[2m > [22mshould have shadow styling[32m 1[2mms[22m[39m
 [32mΓ£ô[39m src/components/QuickAddFAB.test.tsx[2m > [22mQuickAddFAB[2m > [22mshould have correct z-index[32m 1[2mms[22m[39m
 [32mΓ£ô[39m src/components/QuickAddFAB.test.tsx[2m > [22mQuickAddFAB[2m > [22mshould render Plus icon[32m 6[2mms[22m[39m
 [32mΓ£ô[39m src/components/QuickAddFAB.test.tsx[2m > [22mQuickAddFAB[2m > [22mshould have flexbox centering[32m 2[2mms[22m[39m
 [32mΓ£ô[39m src/components/QuickAddFAB.test.tsx[2m > [22mQuickAddFAB[2m > [22mshould set modal state to false initially[32m 2[2mms[22m[39m
 [32mΓ£ô[39m src/components/QuickAddModal.test.tsx[2m > [22mQuickAddModal[2m > [22mshould close modal when close button is clicked[32m 142[2mms[22m[39m
 [32mΓ£ô[39m src/components/QuickAddModal.test.tsx[2m > [22mQuickAddModal[2m > [22mshould close modal when cancel button is clicked[32m 78[2mms[22m[39m
 [32mΓ£ô[39m src/components/QuickAddModal.test.tsx[2m > [22mQuickAddModal[2m > [22mshould update form fields when user types[32m 156[2mms[22m[39m
 [31m├ù[39m src/pages/Dashboard.test.tsx[2m > [22mDashboard[2m > [22mshould render progress percentage display[33m 1019[2mms[22m[39m
[31m   ΓåÆ Found multiple elements with the text: 45%

Here are the matching elements:

Ignored nodes: comments, script, style
[36m<p[31m
  [33mclass[31m=[32m"text-2xl font-bold text-gray-900 dark:text-white"[31m
[36m>[31m
  [0m45[0m
  [0m%[0m
[36m</p>[31m

Ignored nodes: comments, script, style
[36m<div[31m
  [33mdata-testid[31m=[32m"circular-progress"[31m
[36m>[31m
  [0m45[0m
  [0m%[0m
[36m</div>[31m

Ignored nodes: comments, script, style
[36m<div[31m
  [33mdata-testid[31m=[32m"circular-progress"[31m
[36m>[31m
  [0m45[0m
  [0m%[0m
[36m</div>[31m

(If this is intentional, then use the `*AllBy*` variant of the query (like `queryAllByText`, `getAllByText`, or `findAllByText`)).

Ignored nodes: comments, script, style
[36m<body>[31m
  [36m<div>[31m
    [36m<div[31m
      [33mclass[31m=[32m"space-y-6"[31m
    [36m>[31m
      [36m<div[31m
        [33mclass[31m=[32m"flex items-center justify-between"[31m
      [36m>[31m
        [36m<h1[31m
          [33mclass[31m=[32m"text-2xl font-bold text-gray-900 dark:text-white"[31m
        [36m>[31m
          [0mDashboard[0m
        [36m</h1>[31m
      [36m</div>[31m
      [36m<div[31m
        [33mclass[31m=[32m"grid grid-cols-1 md:grid-cols-2 lg:grid-cols-4 gap-6"[31m
      [36m>[31m
        [36m<div[31m
          [33mdata-testid[31m=[32m"stat-card"[31m
        [36m>[31m
          [0mActive Applications[0m
          [0m: [0m
          [0m5[0m
        [36m</div>[31m
        [36m<div[31m
          [33mdata-testid[31m=[32m"stat-card"[31m
        [36m>[31m
          [0mUpcoming Interviews[0m
          [0m: [0m
          [0m2[0m
        [36m</div>[31m
        [36m<div[31m
          [33mdata-testid[31m=[32m"stat-card"[31m
        [36m>[31m
          [0mPending Offers[0m
          [0m: [0m
          [0m1[0m
        [36m</div>[31m
        [36m<div[31m
          [33mclass[31m=[32m"glass-card p-6"[31m
        [36m>[31m
          [36m<div[31m
            [33mclass[31m=[32m"flex items-center justify-between"[31m
          [36m>[31m
            [36m<div>[31m
              [36m<h3[31m
                [33mclass[31m=[32m"text-sm font-medium text-gray-600 dark:text-gray-400 mb-1"[31m
              [36m>[31m
                [0mJob Hunt Progress[0m
              [36m</h3>[31m
              [36m<p[31m
                [33mclass[31m=[32m"text-2xl font-bold text-gray-900 dark:text-white"[31m
              [36m>[31m
                [0m45[0m
                [0m%[0m
              [36m</p>[31m
            [36m</div>[31m
            [36m<div[31m
              [33mdata-testid[31m=[32m"circular-progress"[31m
            [36m>[31m
              [0m45[0m
              [0m%[0m
            [36m</div>[31m
          [36m</div>[31m
        [36m</div>[31m
      [36m</div>[31m
      [36m<div[31m
        [33mclass[31m=[32m"glass-card p-6"[31m
      [36m>[31m
        [36m<h2[31m
          [33mclass[31m=[32m"text-lg font-semibold text-gray-900 dark:text-white mb-4"[31m
        [36m>[31m
          [0mOverall Progress[0m
        [36m</h2>[31m
        [36m<div[31m
          [33mclass[31m=[32m"flex items-center space-x-6"[31m
        [36m>[31m
          [36m<div[31m
            [33mdata-testid[31m=[32m"circular-progress"[31m
          [36m>[31m
            [0m45[0m
            [0m%[0m
          [36m</div>[31m
          [36m<div[31m
            [33mclass[31m=[32m"flex-1"[31m
          [36m>[31m
            [36m<p[31m
              [33mclass[31m=[32m"text-gray-600 dark:text-gray-400 mb-2"[31m
            [36m>[31m
              [0mYou're making great progress on your job hunt! Keep up the momentum.[0m
            [36m</p>[31m
            [36m<div[31m
              [33mclass[31m=[32m"space-y-1"[31m
            [36m>[31m
              [36m<div[31m
                [33mclass[31m=[32m"flex justify-between text-sm"[31m
              [36m>[31m
                [36m<span[31m
                  [33mclass[31m=[32m"text-gray-600 dark:text-gray-400"[31m
                [36m>[31m
                  [0mApplications[0m
                [36m</span>[31m
                [36m<span[31m
                  [33mclass[31m=[32m"font-medium text-gray-900 dark:text-white"[31m
                [36m>[31m
                  [0m5[0m
                  [0m active[0m
                [36m</span>[31m
              [36m</div>[31m
              [36m<div[31m
                [33mclass[31m=[32m"flex justify-between text-sm"[31m
              [36m>[31m
                [36m<span[31m
                  [33mclass[31m=[32m"text-gray-600 dark:text-gray-400"[31m
                [36m>[31m
                  [0mInterviews[0m
                [36m</span>[31m
                [36m<span[31m
                  [33mclass[31m=[32m"font-medium text-gray-900 dark:text-white"[31m
                [36m>[31m
                  [0m2[0m
                  [0m upcoming[0m
                [36m</span>[31m
              [36m</div>[31m
              [36m<div[31m
                [33mclass[31m=[32m"flex justify-between text-sm"[31m
              [36m>[31m
                [36m<span[31m
                  [33mclass[31m=[32m"text-gray-600 dark:text-gray-400"[31m
                [36m>[31m
                  [0mOffers[0m
                [36m</span>[31m
                [36m<span[31m
                  [33mclass[31m=[32m"font-medium text-gray-900 dark:text-white"[31m
                [36m>[31m
                  [0m1[0m
                  [0m pending[0m
                [36m</span>[31m
              [36m</div>[31m
            [36m</div>[31m
          [36m</div>[31m
        [36m</div>[31m
      [36m</div>[31m
      [36m<div[31m
        [33mdata-testid[31m=[32m"quick-add-fab"[31m
      [36m>[31m
        [0mFAB[0m
      [36m</div>[31m
    [36m</div>[31m
  [36m</div>[31m
[36m</body>[31m

Ignored nodes: comments, script, style
[36m<html>[31m
  [36m<head />[31m
  [36m<body>[31m
    [36m<div>[31m
      [36m<div[31m
        [33mclass[31m=[32m"space-y-6"[31m
      [36m>[31m
        [36m<div[31m
          [33mclass[31m=[32m"flex items-center justify-between"[31m
        [36m>[31m
          [36m<h1[31m
            [33mclass[31m=[32m"text-2xl font-bold text-gray-900 dark:text-white"[31m
          [36m>[31m
            [0mDashboard[0m
          [36m</h1>[31m
        [36m</div>[31m
        [36m<div[31m
          [33mclass[31m=[32m"grid grid-cols-1 md:grid-cols-2 lg:grid-cols-4 gap-6"[31m
        [36m>[31m
          [36m<div[31m
            [33mdata-testid[31m=[32m"stat-card"[31m
          [36m>[31m
            [0mActive Applications[0m
            [0m: [0m
            [0m5[0m
          [36m</div>[31m
          [36m<div[31m
            [33mdata-testid[31m=[32m"stat-card"[31m
          [36m>[31m
            [0mUpcoming Interviews[0m
            [0m: [0m
            [0m2[0m
          [36m</div>[31m
          [36m<div[31m
            [33mdata-testid[31m=[32m"stat-card"[31m
          [36m>[31m
            [0mPending Offers[0m
            [0m: [0m
            [0m1[0m
          [36m</div>[31m
          [36m<div[31m
            [33mclass[31m=[32m"glass-card p-6"[31m
          [36m>[31m
            [36m<div[31m
              [33mclass[31m=[32m"flex items-center justify-between"[31m
            [36m>[31m
              [36m<div>[31m
                [36m<h3[31m
                  [33mclass[31m=[32m"text-sm font-medium text-gray-600 dark:text-gray-400 mb-1"[31m
                [36m>[31m
                  [0mJob Hunt Progress[0m
                [36m</h3>[31m
                [36m<p[31m
                  [33mclass[31m=[32m"text-2xl font-bold text-gray-900 dark:text-white"[31m
                [36m>[31m
                  [0m45[0m
                  [0m%[0m
                [36m</p>[31m
              [36m</div>[31m
              [36m<div[31m
                [33mdata-testid[31m=[32m"circular-progress"[31m
              [36m>[31m
                [0m45[0m
                [0m%[0m
              [36m</div>[31m
            [36m</div>[31m
          [36m</div>[31m
        [36m</div>[31m
        [36m<div[31m
          [33mclass[31m=[32m"glass-card p-6"[31m
        [36m>[31m
          [36m<h2[31m
            [33mclass[31m=[32m"text-lg font-semibold text-gray-900 dark:text-white mb-4"[31m
          [36m>[31m
            [0mOverall Progress[0m
          [36m</h2>[31m
          [36m<div[31m
            [33mclass[31m=[32m"flex items-center space-x-6"[31m
          [36m>[31m
            [36m<div[31m
              [33mdata-testid[31m=[32m"circular-progress"[31m
            [36m>[31m
              [0m45[0m
              [0m%[0m
            [36m</div>[31m
            [36m<div[31m
              [33mclass[31m=[32m"flex-1"[31m
            [36m>[31m
              [36m<p[31m
                [33mclass[31m=[32m"text-gray-600 dark:text-gray-400 mb-2"[31m
              [36m>[31m
                [0mYou're making great progress on your job hunt! Keep up the momentum.[0m
              [36m</p>[31m
              [36m<div[31m
                [33mclass[31m=[32m"space-y-1"[31m
              [36m>[31m
                [36m<div[31m
                  [33mclass[31m=[32m"flex justify-between text-sm"[31m
                [36m>[31m
                  [36m<span[31m
                    [33mclass[31m=[32m"text-gray-600 dark:text-gray-400"[31m
                  [36m>[31m
                    [0mApplications[0m
                  [36m</span>[31m
                  [36m<span[31m
                    [33mclass[31m=[32m"font-medium text-gray-900 dark:text-white"[31m
                  [36m>[31m
                    [0m5[0m
                    [0m active[0m
                  [36m</span>[31m
                [36m</div>[31m
                [36m<div[31m
                  [33mclass[31m=[32m"flex justify-between text-sm"[31m
                [36m>[31m
                  [36m<span[31m
                    [33mclass[31m=[32m"text-gray-600 dark:text-gray-400"[31m
                  [36m>[31m
                    [0mInterviews[0m
                  [36m</span>[31m
                  [36m<span[31m
                    [33mclass[31m=[32m"font-medium text-gray-900 dark:text-white"[31m
                  [36m>[31m
                    [0m2[0m
                    [0m upcoming[0m
                  [36m</span>[31m
                [36m</div>[31m
                [36m<div[31m
                  [33mclass[31m=[32m"flex justify-between text-sm"[31m
                [36m>[31m
                  [36m<span[31m
                    [33mclass[31m=[32m"text-gray-600 dark:text-gray-400"[31m
                  [36m>[31m
                    [0mOffers[0m
                  [36m</span>[31m
                  [36m<span[31m
                    [33mclass[31m=[32m"font-medium text-gray-900 dark:text-white"[31m
                  [36m>[31m
                    [0m1[0m
                    [0m pending[0m
                  [36m</span>[31m
                [36m</div>[31m
              [36m</div>[31m
            [36m</div>[31m
          [36m</div>[31m
        [36m</div>[31m
        [36m<div[31m
          [33mdata-testid[31m=[32m"quick-add-fab"[31m
        [36m>[31m
          [0mFAB[0m
        [36m</div>[31m
      [36m</div>[31m
    [36m</div>[31m
  [36m</body>[31m
[36m</html>[31m[39m
 [32mΓ£ô[39m src/pages/Dashboard.test.tsx[2m > [22mDashboard[2m > [22mshould render circular progress components[32m 10[2mms[22m[39m
 [32mΓ£ô[39m src/pages/Dashboard.test.tsx[2m > [22mDashboard[2m > [22mshould render QuickAddFAB component[32m 16[2mms[22m[39m
 [32mΓ£ô[39m src/pages/Dashboard.test.tsx[2m > [22mDashboard[2m > [22mshould display overall progress section[32m 15[2mms[22m[39m
 [32mΓ£ô[39m src/pages/Dashboard.test.tsx[2m > [22mDashboard[2m > [22mshould show motivational message[32m 15[2mms[22m[39m
 [32mΓ£ô[39m src/components/QuickAddModal.test.tsx[2m > [22mQuickAddModal[2m > [22mshould update all form fields[33m 1452[2mms[22m[39m
 [32mΓ£ô[39m src/components/QuickAddModal.test.tsx[2m > [22mQuickAddModal[2m > [22mshould have status dropdown with correct options[32m 8[2mms[22m[39m
 [32mΓ£ô[39m src/components/QuickAddModal.test.tsx[2m > [22mQuickAddModal[2m > [22mshould change status when dropdown is changed[32m 70[2mms[22m[39m
 [32mΓ£ô[39m src/components/QuickAddModal.test.tsx[2m > [22mQuickAddModal[2m > [22mshould require company field[32m 4[2mms[22m[39m
 [32mΓ£ô[39m src/components/QuickAddModal.test.tsx[2m > [22mQuickAddModal[2m > [22mshould require position field[32m 3[2mms[22m[39m
 [32mΓ£ô[39m src/components/QuickAddModal.test.tsx[2m > [22mQuickAddModal[2m > [22mshould have textarea for notes[32m 3[2mms[22m[39m
 [31m├ù[39m src/pages/Dashboard.test.tsx[2m > [22mDashboard[2m > [22mshould display statistics breakdown in progress section[33m 1017[2mms[22m[39m
[31m   ΓåÆ Found multiple elements with the text: /Applications/i

Here are the matching elements:

Ignored nodes: comments, script, style
[36m<div[31m
  [33mdata-testid[31m=[32m"stat-card"[31m
[36m>[31m
  [0mActive Applications[0m
  [0m: [0m
  [0m5[0m
[36m</div>[31m

Ignored nodes: comments, script, style
[36m<span[31m
  [33mclass[31m=[32m"text-gray-600 dark:text-gray-400"[31m
[36m>[31m
  [0mApplications[0m
[36m</span>[31m

(If this is intentional, then use the `*AllBy*` variant of the query (like `queryAllByText`, `getAllByText`, or `findAllByText`)).

Ignored nodes: comments, script, style
[36m<body>[31m
  [36m<div>[31m
    [36m<div[31m
      [33mclass[31m=[32m"space-y-6"[31m
    [36m>[31m
      [36m<div[31m
        [33mclass[31m=[32m"flex items-center justify-between"[31m
      [36m>[31m
        [36m<h1[31m
          [33mclass[31m=[32m"text-2xl font-bold text-gray-900 dark:text-white"[31m
        [36m>[31m
          [0mDashboard[0m
        [36m</h1>[31m
      [36m</div>[31m
      [36m<div[31m
        [33mclass[31m=[32m"grid grid-cols-1 md:grid-cols-2 lg:grid-cols-4 gap-6"[31m
      [36m>[31m
        [36m<div[31m
          [33mdata-testid[31m=[32m"stat-card"[31m
        [36m>[31m
          [0mActive Applications[0m
          [0m: [0m
          [0m5[0m
        [36m</div>[31m
        [36m<div[31m
          [33mdata-testid[31m=[32m"stat-card"[31m
        [36m>[31m
          [0mUpcoming Interviews[0m
          [0m: [0m
          [0m2[0m
        [36m</div>[31m
        [36m<div[31m
          [33mdata-testid[31m=[32m"stat-card"[31m
        [36m>[31m
          [0mPending Offers[0m
          [0m: [0m
          [0m1[0m
        [36m</div>[31m
        [36m<div[31m
          [33mclass[31m=[32m"glass-card p-6"[31m
        [36m>[31m
          [36m<div[31m
            [33mclass[31m=[32m"flex items-center justify-between"[31m
          [36m>[31m
            [36m<div>[31m
              [36m<h3[31m
                [33mclass[31m=[32m"text-sm font-medium text-gray-600 dark:text-gray-400 mb-1"[31m
              [36m>[31m
                [0mJob Hunt Progress[0m
              [36m</h3>[31m
              [36m<p[31m
                [33mclass[31m=[32m"text-2xl font-bold text-gray-900 dark:text-white"[31m
              [36m>[31m
                [0m45[0m
                [0m%[0m
              [36m</p>[31m
            [36m</div>[31m
            [36m<div[31m
              [33mdata-testid[31m=[32m"circular-progress"[31m
            [36m>[31m
              [0m45[0m
              [0m%[0m
            [36m</div>[31m
          [36m</div>[31m
        [36m</div>[31m
      [36m</div>[31m
      [36m<div[31m
        [33mclass[31m=[32m"glass-card p-6"[31m
      [36m>[31m
        [36m<h2[31m
          [33mclass[31m=[32m"text-lg font-semibold text-gray-900 dark:text-white mb-4"[31m
        [36m>[31m
          [0mOverall Progress[0m
        [36m</h2>[31m
        [36m<div[31m
          [33mclass[31m=[32m"flex items-center space-x-6"[31m
        [36m>[31m
          [36m<div[31m
            [33mdata-testid[31m=[32m"circular-progress"[31m
          [36m>[31m
            [0m45[0m
            [0m%[0m
          [36m</div>[31m
          [36m<div[31m
            [33mclass[31m=[32m"flex-1"[31m
          [36m>[31m
            [36m<p[31m
              [33mclass[31m=[32m"text-gray-600 dark:text-gray-400 mb-2"[31m
            [36m>[31m
              [0mYou're making great progress on your job hunt! Keep up the momentum.[0m
            [36m</p>[31m
            [36m<div[31m
              [33mclass[31m=[32m"space-y-1"[31m
            [36m>[31m
              [36m<div[31m
                [33mclass[31m=[32m"flex justify-between text-sm"[31m
              [36m>[31m
                [36m<span[31m
                  [33mclass[31m=[32m"text-gray-600 dark:text-gray-400"[31m
                [36m>[31m
                  [0mApplications[0m
                [36m</span>[31m
                [36m<span[31m
                  [33mclass[31m=[32m"font-medium text-gray-900 dark:text-white"[31m
                [36m>[31m
                  [0m5[0m
                  [0m active[0m
                [36m</span>[31m
              [36m</div>[31m
              [36m<div[31m
                [33mclass[31m=[32m"flex justify-between text-sm"[31m
              [36m>[31m
                [36m<span[31m
                  [33mclass[31m=[32m"text-gray-600 dark:text-gray-400"[31m
                [36m>[31m
                  [0mInterviews[0m
                [36m</span>[31m
                [36m<span[31m
                  [33mclass[31m=[32m"font-medium text-gray-900 dark:text-white"[31m
                [36m>[31m
                  [0m2[0m
                  [0m upcoming[0m
                [36m</span>[31m
              [36m</div>[31m
              [36m<div[31m
                [33mclass[31m=[32m"flex justify-between text-sm"[31m
              [36m>[31m
                [36m<span[31m
                  [33mclass[31m=[32m"text-gray-600 dark:text-gray-400"[31m
                [36m>[31m
                  [0mOffers[0m
                [36m</span>[31m
                [36m<span[31m
                  [33mclass[31m=[32m"font-medium text-gray-900 dark:text-white"[31m
                [36m>[31m
                  [0m1[0m
                  [0m pending[0m
                [36m</span>[31m
              [36m</div>[31m
            [36m</div>[31m
          [36m</div>[31m
        [36m</div>[31m
      [36m</div>[31m
      [36m<div[31m
        [33mdata-testid[31m=[32m"quick-add-fab"[31m
      [36m>[31m
        [0mFAB[0m
      [36m</div>[31m
    [36m</div>[31m
  [36m</div>[31m
[36m</body>[31m

Ignored nodes: comments, script, style
[36m<html>[31m
  [36m<head />[31m
  [36m<body>[31m
    [36m<div>[31m
      [36m<div[31m
        [33mclass[31m=[32m"space-y-6"[31m
      [36m>[31m
        [36m<div[31m
          [33mclass[31m=[32m"flex items-center justify-between"[31m
        [36m>[31m
          [36m<h1[31m
            [33mclass[31m=[32m"text-2xl font-bold text-gray-900 dark:text-white"[31m
          [36m>[31m
            [0mDashboard[0m
          [36m</h1>[31m
        [36m</div>[31m
        [36m<div[31m
          [33mclass[31m=[32m"grid grid-cols-1 md:grid-cols-2 lg:grid-cols-4 gap-6"[31m
        [36m>[31m
          [36m<div[31m
            [33mdata-testid[31m=[32m"stat-card"[31m
          [36m>[31m
            [0mActive Applications[0m
            [0m: [0m
            [0m5[0m
          [36m</div>[31m
          [36m<div[31m
            [33mdata-testid[31m=[32m"stat-card"[31m
          [36m>[31m
            [0mUpcoming Interviews[0m
            [0m: [0m
            [0m2[0m
          [36m</div>[31m
          [36m<div[31m
            [33mdata-testid[31m=[32m"stat-card"[31m
          [36m>[31m
            [0mPending Offers[0m
            [0m: [0m
            [0m1[0m
          [36m</div>[31m
          [36m<div[31m
            [33mclass[31m=[32m"glass-card p-6"[31m
          [36m>[31m
            [36m<div[31m
              [33mclass[31m=[32m"flex items-center justify-between"[31m
            [36m>[31m
              [36m<div>[31m
                [36m<h3[31m
                  [33mclass[31m=[32m"text-sm font-medium text-gray-600 dark:text-gray-400 mb-1"[31m
                [36m>[31m
                  [0mJob Hunt Progress[0m
                [36m</h3>[31m
                [36m<p[31m
                  [33mclass[31m=[32m"text-2xl font-bold text-gray-900 dark:text-white"[31m
                [36m>[31m
                  [0m45[0m
                  [0m%[0m
                [36m</p>[31m
              [36m</div>[31m
              [36m<div[31m
                [33mdata-testid[31m=[32m"circular-progress"[31m
              [36m>[31m
                [0m45[0m
                [0m%[0m
              [36m</div>[31m
            [36m</div>[31m
          [36m</div>[31m
        [36m</div>[31m
        [36m<div[31m
          [33mclass[31m=[32m"glass-card p-6"[31m
        [36m>[31m
          [36m<h2[31m
            [33mclass[31m=[32m"text-lg font-semibold text-gray-900 dark:text-white mb-4"[31m
          [36m>[31m
            [0mOverall Progress[0m
          [36m</h2>[31m
          [36m<div[31m
            [33mclass[31m=[32m"flex items-center space-x-6"[31m
          [36m>[31m
            [36m<div[31m
              [33mdata-testid[31m=[32m"circular-progress"[31m
            [36m>[31m
              [0m45[0m
              [0m%[0m
            [36m</div>[31m
            [36m<div[31m
              [33mclass[31m=[32m"flex-1"[31m
            [36m>[31m
              [36m<p[31m
                [33mclass[31m=[32m"text-gray-600 dark:text-gray-400 mb-2"[31m
              [36m>[31m
                [0mYou're making great progress on your job hunt! Keep up the momentum.[0m
              [36m</p>[31m
              [36m<div[31m
                [33mclass[31m=[32m"space-y-1"[31m
              [36m>[31m
                [36m<div[31m
                  [33mclass[31m=[32m"flex justify-between text-sm"[31m
                [36m>[31m
                  [36m<span[31m
                    [33mclass[31m=[32m"text-gray-600 dark:text-gray-400"[31m
                  [36m>[31m
                    [0mApplications[0m
                  [36m</span>[31m
                  [36m<span[31m
                    [33mclass[31m=[32m"font-medium text-gray-900 dark:text-white"[31m
                  [36m>[31m
                    [0m5[0m
                    [0m active[0m
                  [36m</span>[31m
                [36m</div>[31m
                [36m<div[31m
                  [33mclass[31m=[32m"flex justify-between text-sm"[31m
                [36m>[31m
                  [36m<span[31m
                    [33mclass[31m=[32m"text-gray-600 dark:text-gray-400"[31m
                  [36m>[31m
                    [0mInterviews[0m
                  [36m</span>[31m
                  [36m<span[31m
                    [33mclass[31m=[32m"font-medium text-gray-900 dark:text-white"[31m
                  [36m>[31m
                    [0m2[0m
                    [0m upcoming[0m
                  [36m</span>[31m
                [36m</div>[31m
                [36m<div[31m
                  [33mclass[31m=[32m"flex justify-between text-sm"[31m
                [36m>[31m
                  [36m<span[31m
                    [33mclass[31m=[32m"text-gray-600 dark:text-gray-400"[31m
                  [36m>[31m
                    [0mOffers[0m
                  [36m</span>[31m
                  [36m<span[31m
                    [33mclass[31m=[32m"font-medium text-gray-900 dark:text-white"[31m
                  [36m>[31m
                    [0m1[0m
                    [0m pending[0m
                  [36m</span>[31m
                [36m</div>[31m
              [36m</div>[31m
            [36m</div>[31m
          [36m</div>[31m
        [36m</div>[31m
        [36m<div[31m
          [33mdata-testid[31m=[32m"quick-add-fab"[31m
        [36m>[31m
          [0mFAB[0m
        [36m</div>[31m
      [36m</div>[31m
    [36m</div>[31m
  [36m</body>[31m
[36m</html>[31m[39m
 [32mΓ£ô[39m src/pages/Dashboard.test.tsx[2m > [22mDashboard[2m > [22mshould render main content with space-y-6 styling[32m 7[2mms[22m[39m
 [32mΓ£ô[39m src/pages/Dashboard.test.tsx[2m > [22mDashboard[2m > [22mshould use grid layout for stat cards[32m 6[2mms[22m[39m
 [31m├ù[39m src/pages/Dashboard.test.tsx[2m > [22mDashboard[2m > [22mshould handle loading state transitions[32m 4[2mms[22m[39m
[31m   ΓåÆ Unable to find an element with the role "status"

There are no available roles.

Ignored nodes: comments, script, style
[36m<body>[31m
  [36m<div>[31m
    [36m<div[31m
      [33mclass[31m=[32m"flex items-center justify-center h-64"[31m
    [36m>[31m
      [36m<div[31m
        [33mclass[31m=[32m"animate-spin rounded-full h-8 w-8 border-b-2 border-blue-600"[31m
      [36m/>[31m
    [36m</div>[31m
  [36m</div>[31m
[36m</body>[31m[39m
 [32mΓ£ô[39m src/components/QuickAddModal.test.tsx[2m > [22mQuickAddModal[2m > [22mshould update notes textarea[33m 619[2mms[22m[39m
 [32mΓ£ô[39m src/components/QuickAddModal.test.tsx[2m > [22mQuickAddModal[2m > [22mshould have add application button[32m 14[2mms[22m[39m
 [32mΓ£ô[39m src/components/QuickAddModal.test.tsx[2m > [22mQuickAddModal[2m > [22mshould have modal overlay with correct styling[32m 5[2mms[22m[39m
 [32mΓ£ô[39m src/components/QuickAddModal.test.tsx[2m > [22mQuickAddModal[2m > [22mshould have glass-card styling on modal content[32m 3[2mms[22m[39m
node.exe : 
At line:1 char:1
+ & "C:\Program Files\nodejs/node.exe" "C:\Users\kingz\AppData\Roaming\ ...
+ ~~~~~~~~~~~~~~~~~~~~~~~~~~~~~~~~~~~~~~~~~~~~~~~~~~~~~~~~~~~~~~~~~~~~~
    + CategoryInfo          : NotSpecified: (:String) [], RemoteException
    + FullyQualifiedErrorId : NativeCommandError
 
[31mΓÄ»ΓÄ»ΓÄ»ΓÄ»ΓÄ»ΓÄ»ΓÄ»[39m[1m[41m Failed Tests 4 
[49m[22m[31mΓÄ»ΓÄ»ΓÄ»ΓÄ»ΓÄ»ΓÄ»ΓÄ»[39m

[41m[1m FAIL [22m[49m src/pages/Dashboard.test.tsx[2m > 
[22mDashboard[2m > [22mshould show loading spinner initially
[31m[1mTestingLibraryElementError[22m: Unable to find an element with the 
role "status"

There are no available roles.

Ignored nodes: comments, script, style
[36m<body>[31m
  [36m<div>[31m
    [36m<div[31m
      [33mclass[31m=[32m"flex items-center justify-center h-64"[31m
    [36m>[31m
      [36m<div[31m
        [33mclass[31m=[32m"animate-spin rounded-full h-8 w-8 border-b-2 
border-blue-600"[31m
      [36m/>[31m
    [36m</div>[31m
  [36m</div>[31m
[36m</body>[31m[39m
[90m [2mΓ¥»[22m Object.getElementError 
node_modules/@testing-library/dom/dist/config.js:[2m37:19[22m[39m
[90m [2mΓ¥»[22m 
node_modules/@testing-library/dom/dist/query-helpers.js:[2m76:38[22m[39m
[90m [2mΓ¥»[22m 
node_modules/@testing-library/dom/dist/query-helpers.js:[2m52:17[22m[39m
[90m [2mΓ¥»[22m 
node_modules/@testing-library/dom/dist/query-helpers.js:[2m95:19[22m[39m
[36m [2mΓ¥»[22m src/pages/Dashboard.test.tsx:[2m61:19[22m[39m
    [90m 59|[39m     [34mrender[39m([33m<[39m[33mDashboard[39m 
[33m/[39m[33m>[39m[33m,[39m { wrapper })
    [90m 60|[39m
    [90m 61|[39m     expect(screen.getByRole('status', { hidden: true 
})).toBeInTheDocuΓÇª
    [90m   |[39m                   [31m^[39m
    [90m 62|[39m   })
    [90m 63|[39m

[31m[2mΓÄ»ΓÄ»ΓÄ»ΓÄ»ΓÄ»ΓÄ»ΓÄ»ΓÄ»ΓÄ»ΓÄ»ΓÄ»ΓÄ»ΓÄ»ΓÄ»ΓÄ»ΓÄ»ΓÄ»ΓÄ»ΓÄ»ΓÄ»ΓÄ»ΓÄ»ΓÄ»Γ
Ä»[1/4]ΓÄ»[22m[39m

[41m[1m FAIL [22m[49m src/pages/Dashboard.test.tsx[2m > 
[22mDashboard[2m > [22mshould render progress percentage display
[31m[1mTestingLibraryElementError[22m[39m: Found multiple elements with 
the text: 45%

Here are the matching elements:

Ignored nodes: comments, script, style
[36m<p[39m
  [33mclass[39m=[32m"text-2xl font-bold text-gray-900 dark:text-white"[39m
[36m>[39m
  [0m45[0m
  [0m%[0m
[36m</p>[39m

Ignored nodes: comments, script, style
[36m<div[39m
  [33mdata-testid[39m=[32m"circular-progress"[39m
[36m>[39m
  [0m45[0m
  [0m%[0m
[36m</div>[39m

Ignored nodes: comments, script, style
[36m<div[39m
  [33mdata-testid[39m=[32m"circular-progress"[39m
[36m>[39m
  [0m45[0m
  [0m%[0m
[36m</div>[39m

(If this is intentional, then use the `*AllBy*` variant of the query (like 
`queryAllByText`, `getAllByText`, or `findAllByText`)).

Ignored nodes: comments, script, style
[36m<body>[39m
  [36m<div>[39m
    [36m<div[39m
      [33mclass[39m=[32m"space-y-6"[39m
    [36m>[39m
      [36m<div[39m
        [33mclass[39m=[32m"flex items-center justify-between"[39m
      [36m>[39m
        [36m<h1[39m
          [33mclass[39m=[32m"text-2xl font-bold text-gray-900 
dark:text-white"[39m
        [36m>[39m
          [0mDashboard[0m
        [36m</h1>[39m
      [36m</div>[39m
      [36m<div[39m
        [33mclass[39m=[32m"grid grid-cols-1 md:grid-cols-2 lg:grid-cols-4 
gap-6"[39m
      [36m>[39m
        [36m<div[39m
          [33mdata-testid[39m=[32m"stat-card"[39m
        [36m>[39m
          [0mActive Applications[0m
          [0m: [0m
          [0m5[0m
        [36m</div>[39m
        [36m<div[39m
          [33mdata-testid[39m=[32m"stat-card"[39m
        [36m>[39m
          [0mUpcoming Interviews[0m
          [0m: [0m
          [0m2[0m
        [36m</div>[39m
        [36m<div[39m
          [33mdata-testid[39m=[32m"stat-card"[39m
        [36m>[39m
          [0mPending Offers[0m
          [0m: [0m
          [0m1[0m
        [36m</div>[39m
        [36m<div[39m
          [33mclass[39m=[32m"glass-card p-6"[39m
        [36m>[39m
          [36m<div[39m
            [33mclass[39m=[32m"flex items-center justify-between"[39m
          [36m>[39m
            [36m<div>[39m
              [36m<h3[39m
                [33mclass[39m=[32m"text-sm font-medium text-gray-600 
dark:text-gray-400 mb-1"[39m
              [36m>[39m
                [0mJob Hunt Progress[0m
              [36m</h3>[39m
              [36m<p[39m
                [33mclass[39m=[32m"text-2xl font-bold text-gray-900 
dark:text-white"[39m
              [36m>[39m
                [0m45[0m
                [0m%[0m
              [36m</p>[39m
            [36m</div>[39m
            [36m<div[39m
              [33mdata-testid[39m=[32m"circular-progress"[39m
            [36m>[39m
              [0m45[0m
              [0m%[0m
            [36m</div>[39m
          [36m</div>[39m
        [36m</div>[39m
      [36m</div>[39m
      [36m<div[39m
        [33mclass[39m=[32m"glass-card p-6"[39m
      [36m>[39m
        [36m<h2[39m
          [33mclass[39m=[32m"text-lg font-semibold text-gray-900 
dark:text-white mb-4"[39m
        [36m>[39m
          [0mOverall Progress[0m
        [36m</h2>[39m
        [36m<div[39m
          [33mclass[39m=[32m"flex items-center space-x-6"[39m
        [36m>[39m
          [36m<div[39m
            [33mdata-testid[39m=[32m"circular-progress"[39m
          [36m>[39m
            [0m45[0m
            [0m%[0m
          [36m</div>[39m
          [36m<div[39m
            [33mclass[39m=[32m"flex-1"[39m
          [36m>[39m
            [36m<p[39m
              [33mclass[39m=[32m"text-gray-600 dark:text-gray-400 mb-2"[39m
            [36m>[39m
              [0mYou're making great progress on your job hunt! Keep up the 
momentum.[0m
            [36m</p>[39m
            [36m<div[39m
              [33mclass[39m=[32m"space-y-1"[39m
            [36m>[39m
              [36m<div[39m
                [33mclass[39m=[32m"flex justify-between text-sm"[39m
              [36m>[39m
                [36m<span[39m
                  [33mclass[39m=[32m"text-gray-600 dark:text-gray-400"[39m
                [36m>[39m
                  [0mApplications[0m
                [36m</span>[39m
                [36m<span[39m
                  [33mclass[39m=[32m"font-medium text-gray-900 
dark:text-white"[39m
                [36m>[39m
                  [0m5[0m
                  [0m active[0m
                [36m</span>[39m
              [36m</div>[39m
              [36m<div[39m
                [33mclass[39m=[32m"flex justify-between text-sm"[39m
              [36m>[39m
                [36m<span[39m
                  [33mclass[39m=[32m"text-gray-600 dark:text-gray-400"[39m
                [36m>[39m
                  [0mInterviews[0m
                [36m</span>[39m
                [36m<span[39m
                  [33mclass[39m=[32m"font-medium text-gray-900 
dark:text-white"[39m
                [36m>[39m
                  [0m2[0m
                  [0m upcoming[0m
                [36m</span>[39m
              [36m</div>[39m
              [36m<div[39m
                [33mclass[39m=[32m"flex justify-between text-sm"[39m
              [36m>[39m
                [36m<span[39m
                  [33mclass[39m=[32m"text-gray-600 dark:text-gray-400"[39m
                [36m>[39m
                  [0mOffers[0m
                [36m</span>[39m
                [36m<span[39m
                  [33mclass[39m=[32m"font-medium text-gray-900 
dark:text-white"[39m
                [36m>[39m
                  [0m1[0m
                  [0m pending[0m
                [36m</span>[39m
              [36m</div>[39m
            [36m</div>[39m
          [36m</div>[39m
        [36m</div>[39m
      [36m</div>[39m
      [36m<div[39m
        [33mdata-testid[39m=[32m"quick-add-fab"[39m
      [36m>[39m
        [0mFAB[0m
      [36m</div>[39m
    [36m</div>[39m
  [36m</div>[39m
[36m</body>[39m

Ignored nodes: comments, script, style
[36m<html>[39m
  [36m<head />[39m
  [36m<body>[39m
    [36m<div>[39m
      [36m<div[39m
        [33mclass[39m=[32m"space-y-6"[39m
      [36m>[39m
        [36m<div[39m
          [33mclass[39m=[32m"flex items-center justify-between"[39m
        [36m>[39m
          [36m<h1[39m
            [33mclass[39m=[32m"text-2xl font-bold text-gray-900 
dark:text-white"[39m
          [36m>[39m
            [0mDashboard[0m
          [36m</h1>[39m
        [36m</div>[39m
        [36m<div[39m
          [33mclass[39m=[32m"grid grid-cols-1 md:grid-cols-2 lg:grid-cols-4 
gap-6"[39m
        [36m>[39m
          [36m<div[39m
            [33mdata-testid[39m=[32m"stat-card"[39m
          [36m>[39m
            [0mActive Applications[0m
            [0m: [0m
            [0m5[0m
          [36m</div>[39m
          [36m<div[39m
            [33mdata-testid[39m=[32m"stat-card"[39m
          [36m>[39m
            [0mUpcoming Interviews[0m
            [0m: [0m
            [0m2[0m
          [36m</div>[39m
          [36m<div[39m
            [33mdata-testid[39m=[32m"stat-card"[39m
          [36m>[39m
            [0mPending Offers[0m
            [0m: [0m
            [0m1[0m
          [36m</div>[39m
          [36m<div[39m
            [33mclass[39m=[32m"glass-card p-6"[39m
          [36m>[39m
            [36m<div[39m
              [33mclass[39m=[32m"flex items-center justify-between"[39m
            [36m>[39m
              [36m<div>[39m
                [36m<h3[39m
                  [33mclass[39m=[32m"text-sm font-medium text-gray-600 
dark:text-gray-400 mb-1"[39m
                [36m>[39m
                  [0mJob Hunt Progress[0m
                [36m</h3>[39m
                [36m<p[39m
                  [33mclass[39m=[32m"text-2xl font-bold text-gray-900 
dark:text-white"[39m
                [36m>[39m
                  [0m45[0m
                  [0m%[0m
                [36m</p>[39m
              [36m</div>[39m
              [36m<div[39m
                [33mdata-testid[39m=[32m"circular-progress"[39m
              [36m>[39m
                [0m45[0m
                [0m%[0m
              [36m</div>[39m
            [36m</div>[39m
          [36m</div>[39m
        [36m</div>[39m
        [36m<div[39m
          [33mclass[39m=[32m"glass-card p-6"[39m
        [36m>[39m
          [36m<h2[39m
            [33mclass[39m=[32m"text-lg font-semibold text-gray-900 
dark:text-white mb-4"[39m
          [36m>[39m
            [0mOverall Progress[0m
          [36m</h2>[39m
          [36m<div[39m
            [33mclass[39m=[32m"flex items-center space-x-6"[39m
          [36m>[39m
            [36m<div[39m
              [33mdata-testid[39m=[32m"circular-progress"[39m
            [36m>[39m
              [0m45[0m
              [0m%[0m
            [36m</div>[39m
            [36m<div[39m
              [33mclass[39m=[32m"flex-1"[39m
            [36m>[39m
              [36m<p[39m
                [33mclass[39m=[32m"text-gray-600 dark:text-gray-400 
mb-2"[39m
              [36m>[39m
                [0mYou're making great progress on your job hunt! Keep up the 
momentum.[0m
              [36m</p>[39m
              [36m<div[39m
                [33mclass[39m=[32m"space-y-1"[39m
              [36m>[39m
                [36m<div[39m
                  [33mclass[39m=[32m"flex justify-between text-sm"[39m
                [36m>[39m
                  [36m<span[39m
                    [33mclass[39m=[32m"text-gray-600 
dark:text-gray-400"[39m
                  [36m>[39m
                    [0mApplications[0m
                  [36m</span>[39m
                  [36m<span[39m
                    [33mclass[39m=[32m"font-medium text-gray-900 
dark:text-white"[39m
                  [36m>[39m
                    [0m5[0m
                    [0m active[0m
                  [36m</span>[39m
                [36m</div>[39m
                [36m<div[39m
                  [33mclass[39m=[32m"flex justify-between text-sm"[39m
                [36m>[39m
                  [36m<span[39m
                    [33mclass[39m=[32m"text-gray-600 
dark:text-gray-400"[39m
                  [36m>[39m
                    [0mInterviews[0m
                  [36m</span>[39m
                  [36m<span[39m
                    [33mclass[39m=[32m"font-medium text-gray-900 
dark:text-white"[39m
                  [36m>[39m
                    [0m2[0m
                    [0m upcoming[0m
                  [36m</span>[39m
                [36m</div>[39m
                [36m<div[39m
                  [33mclass[39m=[32m"flex justify-between text-sm"[39m
                [36m>[39m
                  [36m<span[39m
                    [33mclass[39m=[32m"text-gray-600 
dark:text-gray-400"[39m
                  [36m>[39m
                    [0mOffers[0m
                  [36m</span>[39m
                  [36m<span[39m
                    [33mclass[39m=[32m"font-medium text-gray-900 
dark:text-white"[39m
                  [36m>[39m
                    [0m1[0m
                    [0m pending[0m
                  [36m</span>[39m
                [36m</div>[39m
              [36m</div>[39m
            [36m</div>[39m
          [36m</div>[39m
        [36m</div>[39m
        [36m<div[39m
          [33mdata-testid[39m=[32m"quick-add-fab"[39m
        [36m>[39m
          [0mFAB[0m
        [36m</div>[39m
      [36m</div>[39m
    [36m</div>[39m
  [36m</body>[39m
[36m</html>[39m
[90m [2mΓ¥»[22m Proxy.waitForWrapper 
node_modules/@testing-library/dom/dist/wait-for.js:[2m163:27[22m[39m
[36m [2mΓ¥»[22m src/pages/Dashboard.test.tsx:[2m140:11[22m[39m
    [90m138|[39m     [34mrender[39m([33m<[39m[33mDashboard[39m 
[33m/[39m[33m>[39m[33m,[39m { wrapper })
    [90m139|[39m
    [90m140|[39m     [35mawait[39m [34mwaitFor[39m(() [33m=>[39m {
    [90m   |[39m           [31m^[39m
    [90m141|[39m       [34mexpect[39m(screen[33m.[39m[34mgetByText[39m(
[32m'45%'[39m))[33m.[39m[34mtoBeInTheDocument[39m()
    [90m142|[39m     })

[31m[2mΓÄ»ΓÄ»ΓÄ»ΓÄ»ΓÄ»ΓÄ»ΓÄ»ΓÄ»ΓÄ»ΓÄ»ΓÄ»ΓÄ»ΓÄ»ΓÄ»ΓÄ»ΓÄ»ΓÄ»ΓÄ»ΓÄ»ΓÄ»ΓÄ»ΓÄ»ΓÄ»Γ
Ä»[2/4]ΓÄ»[22m[39m

[41m[1m FAIL [22m[49m src/pages/Dashboard.test.tsx[2m > 
[22mDashboard[2m > [22mshould display statistics breakdown in progress 
section
[31m[1mTestingLibraryElementError[22m[39m: Found multiple elements with 
the text: /Applications/i

Here are the matching elements:

Ignored nodes: comments, script, style
[36m<div[39m
  [33mdata-testid[39m=[32m"stat-card"[39m
[36m>[39m
  [0mActive Applications[0m
  [0m: [0m
  [0m5[0m
[36m</div>[39m

Ignored nodes: comments, script, style
[36m<span[39m
  [33mclass[39m=[32m"text-gray-600 dark:text-gray-400"[39m
[36m>[39m
  [0mApplications[0m
[36m</span>[39m

(If this is intentional, then use the `*AllBy*` variant of the query (like 
`queryAllByText`, `getAllByText`, or `findAllByText`)).

Ignored nodes: comments, script, style
[36m<body>[39m
  [36m<div>[39m
    [36m<div[39m
      [33mclass[39m=[32m"space-y-6"[39m
    [36m>[39m
      [36m<div[39m
        [33mclass[39m=[32m"flex items-center justify-between"[39m
      [36m>[39m
        [36m<h1[39m
          [33mclass[39m=[32m"text-2xl font-bold text-gray-900 
dark:text-white"[39m
        [36m>[39m
          [0mDashboard[0m
        [36m</h1>[39m
      [36m</div>[39m
      [36m<div[39m
        [33mclass[39m=[32m"grid grid-cols-1 md:grid-cols-2 lg:grid-cols-4 
gap-6"[39m
      [36m>[39m
        [36m<div[39m
          [33mdata-testid[39m=[32m"stat-card"[39m
        [36m>[39m
          [0mActive Applications[0m
          [0m: [0m
          [0m5[0m
        [36m</div>[39m
        [36m<div[39m
          [33mdata-testid[39m=[32m"stat-card"[39m
        [36m>[39m
          [0mUpcoming Interviews[0m
          [0m: [0m
          [0m2[0m
        [36m</div>[39m
        [36m<div[39m
          [33mdata-testid[39m=[32m"stat-card"[39m
        [36m>[39m
          [0mPending Offers[0m
          [0m: [0m
          [0m1[0m
        [36m</div>[39m
        [36m<div[39m
          [33mclass[39m=[32m"glass-card p-6"[39m
        [36m>[39m
          [36m<div[39m
            [33mclass[39m=[32m"flex items-center justify-between"[39m
          [36m>[39m
            [36m<div>[39m
              [36m<h3[39m
                [33mclass[39m=[32m"text-sm font-medium text-gray-600 
dark:text-gray-400 mb-1"[39m
              [36m>[39m
                [0mJob Hunt Progress[0m
              [36m</h3>[39m
              [36m<p[39m
                [33mclass[39m=[32m"text-2xl font-bold text-gray-900 
dark:text-white"[39m
              [36m>[39m
                [0m45[0m
                [0m%[0m
              [36m</p>[39m
            [36m</div>[39m
            [36m<div[39m
              [33mdata-testid[39m=[32m"circular-progress"[39m
            [36m>[39m
              [0m45[0m
              [0m%[0m
            [36m</div>[39m
          [36m</div>[39m
        [36m</div>[39m
      [36m</div>[39m
      [36m<div[39m
        [33mclass[39m=[32m"glass-card p-6"[39m
      [36m>[39m
        [36m<h2[39m
          [33mclass[39m=[32m"text-lg font-semibold text-gray-900 
dark:text-white mb-4"[39m
        [36m>[39m
          [0mOverall Progress[0m
        [36m</h2>[39m
        [36m<div[39m
          [33mclass[39m=[32m"flex items-center space-x-6"[39m
        [36m>[39m
          [36m<div[39m
            [33mdata-testid[39m=[32m"circular-progress"[39m
          [36m>[39m
            [0m45[0m
            [0m%[0m
          [36m</div>[39m
          [36m<div[39m
            [33mclass[39m=[32m"flex-1"[39m
          [36m>[39m
            [36m<p[39m
              [33mclass[39m=[32m"text-gray-600 dark:text-gray-400 mb-2"[39m
            [36m>[39m
              [0mYou're making great progress on your job hunt! Keep up the 
momentum.[0m
            [36m</p>[39m
            [36m<div[39m
              [33mclass[39m=[32m"space-y-1"[39m
            [36m>[39m
              [36m<div[39m
                [33mclass[39m=[32m"flex justify-between text-sm"[39m
              [36m>[39m
                [36m<span[39m
                  [33mclass[39m=[32m"text-gray-600 dark:text-gray-400"[39m
                [36m>[39m
                  [0mApplications[0m
                [36m</span>[39m
                [36m<span[39m
                  [33mclass[39m=[32m"font-medium text-gray-900 
dark:text-white"[39m
                [36m>[39m
                  [0m5[0m
                  [0m active[0m
                [36m</span>[39m
              [36m</div>[39m
              [36m<div[39m
                [33mclass[39m=[32m"flex justify-between text-sm"[39m
              [36m>[39m
                [36m<span[39m
                  [33mclass[39m=[32m"text-gray-600 dark:text-gray-400"[39m
                [36m>[39m
                  [0mInterviews[0m
                [36m</span>[39m
                [36m<span[39m
                  [33mclass[39m=[32m"font-medium text-gray-900 
dark:text-white"[39m
                [36m>[39m
                  [0m2[0m
                  [0m upcoming[0m
                [36m</span>[39m
              [36m</div>[39m
              [36m<div[39m
                [33mclass[39m=[32m"flex justify-between text-sm"[39m
              [36m>[39m
                [36m<span[39m
                  [33mclass[39m=[32m"text-gray-600 dark:text-gray-400"[39m
                [36m>[39m
                  [0mOffers[0m
                [36m</span>[39m
                [36m<span[39m
                  [33mclass[39m=[32m"font-medium text-gray-900 
dark:text-white"[39m
                [36m>[39m
                  [0m1[0m
                  [0m pending[0m
                [36m</span>[39m
              [36m</div>[39m
            [36m</div>[39m
          [36m</div>[39m
        [36m</div>[39m
      [36m</div>[39m
      [36m<div[39m
        [33mdata-testid[39m=[32m"quick-add-fab"[39m
      [36m>[39m
        [0mFAB[0m
      [36m</div>[39m
    [36m</div>[39m
  [36m</div>[39m
[36m</body>[39m

Ignored nodes: comments, script, style
[36m<html>[39m
  [36m<head />[39m
  [36m<body>[39m
    [36m<div>[39m
      [36m<div[39m
        [33mclass[39m=[32m"space-y-6"[39m
      [36m>[39m
        [36m<div[39m
          [33mclass[39m=[32m"flex items-center justify-between"[39m
        [36m>[39m
          [36m<h1[39m
            [33mclass[39m=[32m"text-2xl font-bold text-gray-900 
dark:text-white"[39m
          [36m>[39m
            [0mDashboard[0m
          [36m</h1>[39m
        [36m</div>[39m
        [36m<div[39m
          [33mclass[39m=[32m"grid grid-cols-1 md:grid-cols-2 lg:grid-cols-4 
gap-6"[39m
        [36m>[39m
          [36m<div[39m
            [33mdata-testid[39m=[32m"stat-card"[39m
          [36m>[39m
            [0mActive Applications[0m
            [0m: [0m
            [0m5[0m
          [36m</div>[39m
          [36m<div[39m
            [33mdata-testid[39m=[32m"stat-card"[39m
          [36m>[39m
            [0mUpcoming Interviews[0m
            [0m: [0m
            [0m2[0m
          [36m</div>[39m
          [36m<div[39m
            [33mdata-testid[39m=[32m"stat-card"[39m
          [36m>[39m
            [0mPending Offers[0m
            [0m: [0m
            [0m1[0m
          [36m</div>[39m
          [36m<div[39m
            [33mclass[39m=[32m"glass-card p-6"[39m
          [36m>[39m
            [36m<div[39m
              [33mclass[39m=[32m"flex items-center justify-between"[39m
            [36m>[39m
              [36m<div>[39m
                [36m<h3[39m
                  [33mclass[39m=[32m"text-sm font-medium text-gray-600 
dark:text-gray-400 mb-1"[39m
                [36m>[39m
                  [0mJob Hunt Progress[0m
                [36m</h3>[39m
                [36m<p[39m
                  [33mclass[39m=[32m"text-2xl font-bold text-gray-900 
dark:text-white"[39m
                [36m>[39m
                  [0m45[0m
                  [0m%[0m
                [36m</p>[39m
              [36m</div>[39m
              [36m<div[39m
                [33mdata-testid[39m=[32m"circular-progress"[39m
              [36m>[39m
                [0m45[0m
                [0m%[0m
              [36m</div>[39m
            [36m</div>[39m
          [36m</div>[39m
        [36m</div>[39m
        [36m<div[39m
          [33mclass[39m=[32m"glass-card p-6"[39m
        [36m>[39m
          [36m<h2[39m
            [33mclass[39m=[32m"text-lg font-semibold text-gray-900 
dark:text-white mb-4"[39m
          [36m>[39m
            [0mOverall Progress[0m
          [36m</h2>[39m
          [36m<div[39m
            [33mclass[39m=[32m"flex items-center space-x-6"[39m
          [36m>[39m
            [36m<div[39m
              [33mdata-testid[39m=[32m"circular-progress"[39m
            [36m>[39m
              [0m45[0m

[2m Test Files [22m [1m[31m1 failed[39m[22m[2m | [22m[1m[32m5 passed[39m[22m[90m (6)[39m
[2m      Tests [22m [1m[31m4 failed[39m[22m[2m | [22m[1m[32m59 passed[39m[22m[90m (63)[39m
[2m   Start at [22m 18:26:58
[2m   Duration [22m 4.10s[2m (transform 405ms, setup 441ms, import 1.62s, tests 5.36s, environment 5.51s)[22m

              [0m%[0m
            [36m</div>[39m
            [36m<div[39m
              [33mclass[39m=[32m"flex-1"[39m
            [36m>[39m
              [36m<p[39m
                [33mclass[39m=[32m"text-gray-600 dark:text-gray-400 
mb-2"[39m
              [36m>[39m
                [0mYou're making great progress on your job hunt! Keep up the 
momentum.[0m
              [36m</p>[39m
              [36m<div[39m
                [33mclass[39m=[32m"space-y-1"[39m
              [36m>[39m
                [36m<div[39m
                  [33mclass[39m=[32m"flex justify-between text-sm"[39m
                [36m>[39m
                  [36m<span[39m
                    [33mclass[39m=[32m"text-gray-600 
dark:text-gray-400"[39m
                  [36m>[39m
                    [0mApplications[0m
                  [36m</span>[39m
                  [36m<span[39m
                    [33mclass[39m=[32m"font-medium text-gray-900 
dark:text-white"[39m
                  [36m>[39m
                    [0m5[0m
                    [0m active[0m
                  [36m</span>[39m
                [36m</div>[39m
                [36m<div[39m
                  [33mclass[39m=[32m"flex justify-between text-sm"[39m
                [36m>[39m
                  [36m<span[39m
                    [33mclass[39m=[32m"text-gray-600 
dark:text-gray-400"[39m
                  [36m>[39m
                    [0mInterviews[0m
                  [36m</span>[39m
                  [36m<span[39m
                    [33mclass[39m=[32m"font-medium text-gray-900 
dark:text-white"[39m
                  [36m>[39m
                    [0m2[0m
                    [0m upcoming[0m
                  [36m</span>[39m
                [36m</div>[39m
                [36m<div[39m
                  [33mclass[39m=[32m"flex justify-between text-sm"[39m
                [36m>[39m
                  [36m<span[39m
                    [33mclass[39m=[32m"text-gray-600 
dark:text-gray-400"[39m
                  [36m>[39m
                    [0mOffers[0m
                  [36m</span>[39m
                  [36m<span[39m
                    [33mclass[39m=[32m"font-medium text-gray-900 
dark:text-white"[39m
                  [36m>[39m
                    [0m1[0m
                    [0m pending[0m
                  [36m</span>[39m
                [36m</div>[39m
              [36m</div>[39m
            [36m</div>[39m
          [36m</div>[39m
        [36m</div>[39m
        [36m<div[39m
          [33mdata-testid[39m=[32m"quick-add-fab"[39m
        [36m>[39m
          [0mFAB[0m
        [36m</div>[39m
      [36m</div>[39m
    [36m</div>[39m
  [36m</body>[39m
[36m</html>[39m
[90m [2mΓ¥»[22m Proxy.waitForWrapper 
node_modules/@testing-library/dom/dist/wait-for.js:[2m163:27[22m[39m
[36m [2mΓ¥»[22m src/pages/Dashboard.test.tsx:[2m211:11[22m[39m
    [90m209|[39m     [34mrender[39m([33m<[39m[33mDashboard[39m 
[33m/[39m[33m>[39m[33m,[39m { wrapper })
    [90m210|[39m
    [90m211|[39m     [35mawait[39m [34mwaitFor[39m(() [33m=>[39m {
    [90m   |[39m           [31m^[39m
    [90m212|[39m       [34mexpect[39m(screen[33m.[39m[34mgetByText[39m(
[36m/Applications/i[39m))[33m.[39m[34mtoBeInTheDocument[39m()
    [90m213|[39m       
[34mexpect[39m(screen[33m.[39m[34mgetByText[39m([36m/5 
active/i[39m))[33m.[39m[34mtoBeInTheDocument[39m()

[31m[2mΓÄ»ΓÄ»ΓÄ»ΓÄ»ΓÄ»ΓÄ»ΓÄ»ΓÄ»ΓÄ»ΓÄ»ΓÄ»ΓÄ»ΓÄ»ΓÄ»ΓÄ»ΓÄ»ΓÄ»ΓÄ»ΓÄ»ΓÄ»ΓÄ»ΓÄ»ΓÄ»Γ
Ä»[3/4]ΓÄ»[22m[39m

[41m[1m FAIL [22m[49m src/pages/Dashboard.test.tsx[2m > 
[22mDashboard[2m > [22mshould handle loading state transitions
[31m[1mTestingLibraryElementError[22m: Unable to find an element with the 
role "status"

There are no available roles.

Ignored nodes: comments, script, style
[36m<body>[31m
  [36m<div>[31m
    [36m<div[31m
      [33mclass[31m=[32m"flex items-center justify-center h-64"[31m
    [36m>[31m
      [36m<div[31m
        [33mclass[31m=[32m"animate-spin rounded-full h-8 w-8 border-b-2 
border-blue-600"[31m
      [36m/>[31m
    [36m</div>[31m
  [36m</div>[31m
[36m</body>[31m[39m
[90m [2mΓ¥»[22m Object.getElementError 
node_modules/@testing-library/dom/dist/config.js:[2m37:19[22m[39m
[90m [2mΓ¥»[22m 
node_modules/@testing-library/dom/dist/query-helpers.js:[2m76:38[22m[39m
[90m [2mΓ¥»[22m 
node_modules/@testing-library/dom/dist/query-helpers.js:[2m52:17[22m[39m
[90m [2mΓ¥»[22m 
node_modules/@testing-library/dom/dist/query-helpers.js:[2m95:19[22m[39m
[36m [2mΓ¥»[22m src/pages/Dashboard.test.tsx:[2m260:19[22m[39m
    [90m258|[39m
    [90m259|[39m     [34mrerender[39m([33m<[39m[33mDashboard[39m 
[33m/[39m[33m>[39m)
    [90m260|[39m     expect(screen.getByRole('status', { hidden: true 
})).toBeInTheDocuΓÇª
    [90m   |[39m                   [31m^[39m
    [90m261|[39m
    [90m262|[39m     
mockUseDashboardStats[33m.[39m[34mmockReturnValue[39m({

[31m[2mΓÄ»ΓÄ»ΓÄ»ΓÄ»ΓÄ»ΓÄ»ΓÄ»ΓÄ»ΓÄ»ΓÄ»ΓÄ»ΓÄ»ΓÄ»ΓÄ»ΓÄ»ΓÄ»ΓÄ»ΓÄ»ΓÄ»ΓÄ»ΓÄ»ΓÄ»ΓÄ»Γ
Ä»[4/4]ΓÄ»[22m[39m

